[1/500] Running TEST_001 Create hello.py... PASS
[2/500] Running TEST_002 Create in directory... PASS
[3/500] Running TEST_003 Create JSON... PASS
[4/500] Running TEST_004 Create multi-line... PASS
[5/500] Running TEST_005 Overwrite existing... PASS
[6/500] Running TEST_006 Create HTML... PASS
[7/500] Running TEST_007 Create CSS... PASS
[8/500] Running TEST_008 Create JavaScript... PASS
[9/500] Running TEST_009 Create TypeScript... PASS
[10/500] Running TEST_010 Create Shell script... PASS
[11/500] Running TEST_011 Create Markdown... PASS
[12/500] Running TEST_012 Create YAML... PASS
[13/500] Running TEST_013 Create XML... PASS
[14/500] Running TEST_014 Create SQLite database... PASS
[15/500] Running TEST_015 Create Excel-compatible CSV... PASS
[16/500] Running TEST_016 Read and modify... FAIL
[17/500] Running TEST_017 Fix syntax error... SKIP (impossible with Ollama)
[18/500] Running TEST_018 Fix runtime error... SKIP (impossible with Ollama)
[19/500] Running TEST_019 Append content... PASS
[20/500] Running TEST_020 Prepend content... PASS

=== Progress: 20/500 | Passed: 17, Failed: 1, Skipped: 2 ===

[21/500] Running TEST_021 Replace content... FAIL
[22/500] Running TEST_022 Delete line... PASS
[23/500] Running TEST_023 Update JSON key... FAIL
[24/500] Running TEST_024 Rename file... PASS
[25/500] Running TEST_025 Delete file... PASS
[26/500] Running TEST_026 Copy file... PASS
[27/500] Running TEST_027 Move file... PASS
[28/500] Running TEST_028 Simple function... PASS
[29/500] Running TEST_029 Function with error handling... PASS
[30/500] Running TEST_030 Recursive function... PASS
[31/500] Running TEST_031 Lambda function... PASS
[32/500] Running TEST_032 Generator function... PASS
[33/500] Running TEST_033 Closure... PASS
[34/500] Running TEST_034 Function with type hints... FAIL
[35/500] Running TEST_035 Async function... PASS
[36/500] Running TEST_036 Simple class... PASS
[37/500] Running TEST_037 Class with init... PASS
[38/500] Running TEST_038 Class inheritance... PASS
[39/500] Running TEST_039 Multiple inheritance... PASS
[40/500] Running TEST_040 Static method... PASS

=== Progress: 40/500 | Passed: 34, Failed: 4, Skipped: 2 ===

[41/500] Running TEST_041 Class method... PASS
[42/500] Running TEST_042 Properties... PASS
[43/500] Running TEST_043 Dunder methods... PASS
[44/500] Running TEST_044 Abstract class... PASS
[45/500] Running TEST_045 CLI with argparse... PASS
[46/500] Running TEST_046 HTTP server... PASS
[47/500] Running TEST_047 Web scraper... FAIL
[48/500] Running TEST_048 CSV processor... FAIL
[49/500] Running TEST_049 JSON API client... FAIL
[50/500] Running TEST_050 Image processor... FAIL
[51/500] Running TEST_051 PDF text extractor... FAIL
[52/500] Running TEST_052 Email sender... SKIP (impossible with Ollama)
[53/500] Running TEST_053 FTP client... FAIL
[54/500] Running TEST_054 SSH client... FAIL
[55/500] Running TEST_055 WebSocket client... FAIL
[56/500] Running TEST_056 List directory... PASS
[57/500] Running TEST_057 Run Python... PASS
[58/500] Running TEST_058 Install pip package... PASS
[59/500] Running TEST_059 Git operations... PASS
[60/500] Running TEST_060 Find command... PASS

=== Progress: 60/500 | Passed: 45, Failed: 12, Skipped: 3 ===

[61/500] Running TEST_061 Disk usage... PASS
[62/500] Running TEST_062 Process list... PASS
[63/500] Running TEST_063 Kill process... PASS
[64/500] Running TEST_064 System uptime... PASS
[65/500] Running TEST_065 Memory usage... PASS
[66/500] Running TEST_066 No questions asked... PASS
[67/500] Running TEST_067 Self-correct... PASS
[68/500] Running TEST_068 Multi-step without prompting... PASS
[69/500] Running TEST_069 Handle missing deps... PASS
[70/500] Running TEST_070 Retry on failure... PASS
[71/500] Running TEST_071 Fallback logic... FAIL
[72/500] Running TEST_072 Complete workflow... FAIL
[73/500] Running TEST_073 Find bug... FAIL
[74/500] Running TEST_074 Explain error... PASS
[75/500] Running TEST_075 Fix import... FAIL
[76/500] Running TEST_076 Fix logic... PASS
[77/500] Running TEST_077 Fix index error... FAIL
[78/500] Running TEST_078 Fix key error... FAIL
[79/500] Running TEST_079 Fix type error... FAIL
[80/500] Running TEST_080 Add debugging... FAIL

=== Progress: 80/500 | Passed: 57, Failed: 20, Skipped: 3 ===

[81/500] Running TEST_081 Parse JSON... FAIL
[82/500] Running TEST_082 Parse CSV... FAIL
[83/500] Running TEST_083 Transform data... FAIL
[84/500] Running TEST_084 Sort data... FAIL
[85/500] Running TEST_085 Deduplicate... PASS
[86/500] Running TEST_086 Merge files... FAIL
[87/500] Running TEST_087 Split file... FAIL
[88/500] Running TEST_088 Filter by pattern... PASS
[89/500] Running TEST_089 Extract regex... PASS
[90/500] Running TEST_090 Convert encoding... FAIL
[91/500] Running TEST_091 GET request... PASS
[92/500] Running TEST_092 POST request... PASS
[93/500] Running TEST_093 PUT request... PASS
[94/500] Running TEST_094 DELETE request... PASS
[95/500] Running TEST_095 Download file... FAIL
[96/500] Running TEST_096 Upload file... PASS
[97/500] Running TEST_097 Handle timeout... FAIL
[98/500] Running TEST_098 Handle 404... PASS
[99/500] Running TEST_099 Authentication... PASS
[100/500] Running TEST_100 Rate limiting... PASS

=== Progress: 100/500 | Passed: 68, Failed: 29, Skipped: 3 ===

[101/500] Running TEST_101 Create table... PASS
[102/500] Running TEST_102 Insert data... PASS
[103/500] Running TEST_103 Query data... PASS
[104/500] Running TEST_104 Update data... PASS
[105/500] Running TEST_105 Delete data... PASS
[106/500] Running TEST_106 Join tables... PASS
[107/500] Running TEST_107 Aggregate... FAIL
[108/500] Running TEST_108 Transaction... PASS
[109/500] Running TEST_109 Unit test... PASS
[110/500] Running TEST_110 Test with fixtures... PASS
[111/500] Running TEST_111 Mock test... PASS
[112/500] Running TEST_112 Parametrized test... PASS
[113/500] Running TEST_113 Integration test... PASS
[114/500] Running TEST_114 Run tests... PASS
[115/500] Running TEST_115 Coverage... PASS
[116/500] Running TEST_116 Sanitize SQL... PASS
[117/500] Running TEST_117 Hash password... SKIP (impossible with Ollama)
[118/500] Running TEST_118 Verify password... SKIP (impossible with Ollama)
[119/500] Running TEST_119 Generate token... PASS
[120/500] Running TEST_120 Validate input... FAIL

=== Progress: 120/500 | Passed: 84, Failed: 31, Skipped: 5 ===

[121/500] Running TEST_121 Escape HTML... PASS
[122/500] Running TEST_122 CSRF token... PASS
[123/500] Running TEST_123 Threading... PASS
[124/500] Running TEST_124 Multiprocessing... PASS
[125/500] Running TEST_125 Async await... PASS
[126/500] Running TEST_126 Thread pool... PASS
[127/500] Running TEST_127 Process pool... PASS
[128/500] Running TEST_128 Queue... PASS
[129/500] Running TEST_129 Virtual env... PASS
[130/500] Running TEST_130 List comprehension... PASS
[131/500] Running TEST_131 Dict comprehension... PASS
[132/500] Running TEST_132 Set comprehension... PASS
[133/500] Running TEST_133 Generator expression... PASS
[134/500] Running TEST_134 Decorator... PASS
[135/500] Running TEST_135 Context manager... PASS
[136/500] Running TEST_136 Dataclass... PASS
[137/500] Running TEST_137 Enum... PASS
[138/500] Running TEST_138 NamedTuple... PASS
[139/500] Running TEST_139 F-string... PASS
[140/500] Running TEST_140 Walrus operator... PASS

=== Progress: 140/500 | Passed: 104, Failed: 31, Skipped: 5 ===

[141/500] Running TEST_141 Pipe chain... FAIL
[142/500] Running TEST_142 Environment variables... FAIL
[143/500] Running TEST_143 Conditional... FAIL
[144/500] Running TEST_144 For loop... FAIL
[145/500] Running TEST_145 While loop... FAIL
[146/500] Running TEST_146 Function... PASS
[147/500] Running TEST_147 Case statement... PASS
[148/500] Running TEST_148 Background process... PASS
[149/500] Running TEST_149 Subshell... FAIL
[150/500] Running TEST_150 Here document... FAIL
[151/500] Running TEST_151 Match pattern... FAIL
[152/500] Running TEST_152 Find all... PASS
[153/500] Running TEST_153 Replace regex... FAIL
[154/500] Running TEST_154 Split regex... FAIL
[155/500] Running TEST_155 Named groups... PASS
[156/500] Running TEST_156 .env file... PASS
[157/500] Running TEST_157 Config parsing... PASS
[158/500] Running TEST_158 Argparse... PASS
[159/500] Running TEST_159 Toml config... FAIL
[160/500] Running TEST_160 Ini config... FAIL

=== Progress: 160/500 | Passed: 112, Failed: 43, Skipped: 5 ===

[161/500] Running TEST_161 Basic logging... PASS
[162/500] Running TEST_162 Log levels... PASS
[163/500] Running TEST_163 Log format... PASS
[164/500] Running TEST_164 Rotating log... PASS
[165/500] Running TEST_165 Try/except... FAIL
[166/500] Running TEST_166 Multiple except... PASS
[167/500] Running TEST_167 Finally... PASS
[168/500] Running TEST_168 Raise exception... PASS
[169/500] Running TEST_169 Custom exception... PASS
[170/500] Running TEST_170 Assert... PASS
[171/500] Running TEST_171 LRU cache... PASS
[172/500] Running TEST_172 File cache... PASS
[173/500] Running TEST_173 TTL cache... FAIL
[174/500] Running TEST_174 Memoization... PASS
[175/500] Running TEST_175 Flask app... PASS
[176/500] Running TEST_176 FastAPI... PASS
[177/500] Running TEST_177 Django manage.py... PASS
[178/500] Running TEST_178 Bottle app... PASS
[179/500] Running TEST_179 Aiohttp client... PASS
[180/500] Running TEST_180 Sanic app... PASS

=== Progress: 180/500 | Passed: 130, Failed: 45, Skipped: 5 ===

[181/500] Running TEST_181 XML parsing... FAIL
[182/500] Running TEST_182 JSON operations... FAIL
[183/500] Running TEST_183 YAML parsing... FAIL
[184/500] Running TEST_184 CSV reading... PASS
[185/500] Running TEST_185 TOML parsing... FAIL
[186/500] Running TEST_186 MessagePack... FAIL
[187/500] Running TEST_187 Pickle... FAIL
[188/500] Running TEST_188 Parquet... FAIL
[189/500] Running TEST_189 NumPy array... PASS
[190/500] Running TEST_190 Pandas DataFrame... PASS
[191/500] Running TEST_191 Matplotlib plot... PASS
[192/500] Running TEST_192 Scikit-learn... FAIL
[193/500] Running TEST_193 Docker build... FAIL
[194/500] Running TEST_194 Docker run... PASS
[195/500] Running TEST_195 Docker-compose... FAIL
[196/500] Running TEST_196 Kubernetes... FAIL
[197/500] Running TEST_197 Terraform... FAIL
[198/500] Running TEST_198 Ansible playbook... PASS
[199/500] Running TEST_199 Git init... FAIL
[200/500] Running TEST_200 Git add/commit... FAIL

=== Progress: 200/500 | Passed: 136, Failed: 59, Skipped: 5 ===

[201/500] Running TEST_201 Git branch... PASS
[202/500] Running TEST_202 Git merge... FAIL
[203/500] Running TEST_203 Git rebase... FAIL
[204/500] Running TEST_204 Git stash... FAIL
[205/500] Running TEST_205 Git cherry-pick... FAIL
[206/500] Running TEST_206 User management... PASS
[207/500] Running TEST_207 Service management... PASS
[208/500] Running TEST_208 Cron job... FAIL
[209/500] Running TEST_209 SSH key... PASS
[210/500] Running TEST_210 Firewall... FAIL
[211/500] Running TEST_211 AWS S3... FAIL
[212/500] Running TEST_212 AWS EC2... PASS
[213/500] Running TEST_213 GCP Cloud Storage... FAIL
[214/500] Running TEST_214 Azure Blob... FAIL
[215/500] Running TEST_215 Heroku deploy... 